// Jest Snapshot v1, https://goo.gl/fbAQLP

exports[`Home Screen renders correctly 1`] = `
<View>
  <Text>
    this is detail screen
  </Text>
  <View
    accessible={true}
    focusable={false}
    isTVSelectable={true}
    onClick={[Function]}
    onResponderGrant={[Function]}
    onResponderMove={[Function]}
    onResponderRelease={[Function]}
    onResponderTerminate={[Function]}
    onResponderTerminationRequest={[Function]}
    onStartShouldSetResponder={[Function]}
    style={
      Object {
        "height": 200,
        "opacity": 1,
      }
    }
  >
    <Text>
      test button
    </Text>
  </View>
</View>
`;
